src/app/tools/shipping-label/components/DesktopUI.tsx(10,5): error TS2305: Module '"@/components/shipping-label/Templates"' has no exported member 'CleanVertical'.
src/app/tools/shipping-label/components/MobileUI.tsx(10,5): error TS2305: Module '"@/components/shipping-label/Templates"' has no exported member 'CleanVertical'.
src/components/shipping-label/Templates.tsx(175,47): error TS2339: Property 'senderCity' does not exist on type '{ courier: string; orderRef: string; weight: string; pieces: string; paymentType: "COD" | "Prepaid"; codAmount: number; senderName: string; senderAddress: string; receiverName: string; receiverPhone: string; ... 18 more ...; sellerLogo?: string | undefined; }'.
src/components/shipping-label/Templates.tsx(187,47): error TS2339: Property 'senderCity' does not exist on type '{ courier: string; orderRef: string; weight: string; pieces: string; paymentType: "COD" | "Prepaid"; codAmount: number; senderName: string; senderAddress: string; receiverName: string; receiverPhone: string; ... 18 more ...; sellerLogo?: string | undefined; }'.
src/components/shipping-label/Templates.tsx(208,37): error TS2769: No overload matches this call.
  Overload 1 of 2, '(props: QRCodeProps): QRCode', gave the following error.
    Type 'string | undefined' is not assignable to type 'string'.
      Type 'undefined' is not assignable to type 'string'.
  Overload 2 of 2, '(props: QRCodeProps, context: any): QRCode', gave the following error.
    Type 'string | undefined' is not assignable to type 'string'.
      Type 'undefined' is not assignable to type 'string'.
