src/components/shipping-label/Templates.tsx(452,67): error TS2339: Property 'senderCity' does not exist on type '{ courier: string; orderRef: string; weight: string; pieces: string; paymentType: "COD" | "Prepaid"; codAmount: number; senderName: string; senderAddress: string; receiverName: string; receiverPhone: string; ... 18 more ...; sellerLogo?: string | undefined; }'.
src/components/shipping-label/Templates.tsx(481,273): error TS2339: Property 'senderCity' does not exist on type '{ courier: string; orderRef: string; weight: string; pieces: string; paymentType: "COD" | "Prepaid"; codAmount: number; senderName: string; senderAddress: string; receiverName: string; receiverPhone: string; ... 18 more ...; sellerLogo?: string | undefined; }'.
